14:51:28 15afe4dcc4ab415a87aae251af6762fa GET https://api.mail.tm/domains -> 200 347B
14:51:28 f49945a22af54617950e6413d538cfd2 GET https://api.mail.tm/domains -> 200 347B
14:52:30 15afe4dcc4ab415a87aae251af6762fa GET https://api.mail.tm/domains -> 200 347B
14:52:30 f49945a22af54617950e6413d538cfd2 GET https://api.mail.tm/domains -> 200 347B
14:55:48 e7619249015a4c00aea9e1c2dfc08a86 GET https://api.mail.tm/domains -> 200 347B
14:56:31 d201c6a8690548bd80612a35a2460941 GET https://gratisfy.xyz/ -> 200 5755B
14:56:37 65c1e90febce4d109a4d49c9a04e9909 GET https://auth.gratisfy.xyz/auth/v1/health -> 401 96B
14:56:44 4a3c83470db943a1a3b1c69eaca53578 GET https://api.mail.tm/domains -> 200 347B
14:56:50 30034eccd0a644f2a6dba3d278175594 GET https://api.gratisfy.xyz/v1/models -> 401 126B
14:56:57 67f83c16a8984ca8ae48f2daf4bef5d7 GET https://api.mail.tm/domains -> 200 347B
14:57:05 f495922a68334b1fb95de03d13b32bbc GET https://api.gratisfy.xyz/v1/models -> 401 126B
14:57:11 097c233002bc4e4f95dec72f345812df POST https://gratisfy.xyz/api/chat -> 401 87B
14:57:34 6579939f01664c21a00e09859ae36a5e GET https://api.mail.tm/domains -> 200 347B
14:57:41 cdec14e1193a4939aa142ac055da0bd2 POST https://api.mail.tm/accounts -> 201 309B
14:57:48 4e6677682f194025817fc96491e7963e POST https://api.mail.tm/token -> 200 443B
14:57:54 bd1bb9f4c27347869e1c93bdb367bd45 POST https://auth.gratisfy.xyz/auth/v1/signup -> 200 999B
14:58:00 9d1a6025d45d44c8a4079d54169a73bb GET https://api.mail.tm/messages -> 200 914B
14:58:07 d969da82a2cb4a5b9ea8222e0431ee6f GET https://api.mail.tm/messages/6ab7dd7347689d1e2a7f59e5 -> 200 1857B
14:58:13 239e20dcbe0541f09c5fdde0ed06e1ac GET https://auth.gratisfy.xyz/auth/v1/verify?token=20a47e8986ace45d054a1c9923d7c3fb19aa3756e80064deac1623fe&type=signup&redirect_to=https://gratisfy.xyz%5D -> 200 5755B
14:58:19 756eaf33e6954c44a24be2946b14e2da POST https://auth.gratisfy.xyz/auth/v1/token?grant_type=password -> 200 2044B
14:58:46 9f26264a94ad4d0cb234eba8409f21b0 GET https://api.mail.tm/domains -> 200 347B
14:58:52 798c1decd3b148278cbbd95b4ee511df POST https://api.mail.tm/accounts -> 201 309B
14:58:58 66500760ec6f4c3ebb5562625261a18f POST https://api.mail.tm/token -> 200 443B
14:59:05 3d7cbd6b17644aa88b5d2219e6a23bb5 POST https://auth.gratisfy.xyz/auth/v1/signup -> 200 999B
14:59:11 a78098b14e3f43f2865433a544fb004b GET https://api.mail.tm/messages -> 200 914B
14:59:18 d6f8317339024a5faf30edea85175cf2 GET https://api.mail.tm/messages/6ab7ddbb75f8b3e79bf76bca -> 200 1857B
14:59:24 cb603000d51f46c5a657d8a2381a6fb9 GET https://auth.gratisfy.xyz/auth/v1/verify?token=2b5a455b434d6a9fb8917b28923f236cace83f73bfdf93b4b759b657&type=signup&redirect_to=https://gratisfy.xyz%5D -> 200 5755B
14:59:31 98dadbfbcacf4c8d9cadc65f5793a391 POST https://auth.gratisfy.xyz/auth/v1/token?grant_type=password -> 200 2044B
15:01:15 7f6589cb3ba14ea2bfb39e0943cc7f9a GET https://api.mail.tm/domains -> 200 347B
